[11Apr2026 18:15:02.218] [main/INFO] [cpw.mods.modlauncher.Launcher/MODLAUNCHER]: ModLauncher running: args [--launchTarget, forgedatauserdev, --assetIndex, 5, --assetsDir, C:\Users\Henry\.gradle\caches\forge_gradle\assets, --gameDir, ., --fml.forgeVersion, 47.3.0, --fml.mcVersion, 1.20.1, --fml.forgeGroup, net.minecraftforge, --fml.mcpVersion, 20230612.114412, --mod, foundground, --all, --output, C:\Users\Henry\Downloads\NewfoundUG\src\generated\resources, --existing, C:\Users\Henry\Downloads\NewfoundUG\src\main\resources, --mixin.config, mixins.foundground.json]
[11Apr2026 18:15:02.225] [main/INFO] [cpw.mods.modlauncher.Launcher/MODLAUNCHER]: ModLauncher 10.0.9+10.0.9+main.dcd20f30 starting: java version 17.0.9 by Eclipse Adoptium; OS Windows 10 arch amd64 version 10.0
[11Apr2026 18:15:02.409] [main/INFO] [net.minecraftforge.fml.loading.ImmediateWindowHandler/]: ImmediateWindowProvider not loading because launch target is forgedatauserdev
[11Apr2026 18:15:02.476] [main/INFO] [mixin/]: SpongePowered MIXIN Subsystem Version=0.8.5 Source=union:/C:/Users/Henry/.gradle/caches/modules-2/files-2.1/org.spongepowered/mixin/0.8.5/9d1c0c3a304ae6697ecd477218fa61b850bf57fc/mixin-0.8.5.jar%23128!/ Service=ModLauncher Env=CLIENT
[11Apr2026 18:15:02.918] [main/WARN] [net.minecraftforge.fml.loading.moddiscovery.ModFileParser/LOADING]: Mod file C:\Users\Henry\.gradle\caches\modules-2\files-2.1\net.minecraftforge\javafmllanguage\1.20.1-47.3.0\d7ebc62120f202109e300e084ca1a31a7b946a62\javafmllanguage-1.20.1-47.3.0.jar is missing mods.toml file
[11Apr2026 18:15:02.923] [main/WARN] [net.minecraftforge.fml.loading.moddiscovery.ModFileParser/LOADING]: Mod file C:\Users\Henry\.gradle\caches\modules-2\files-2.1\net.minecraftforge\lowcodelanguage\1.20.1-47.3.0\1bf3e845ea0ce750096da8c71c8364b188ab74d4\lowcodelanguage-1.20.1-47.3.0.jar is missing mods.toml file
[11Apr2026 18:15:02.927] [main/WARN] [net.minecraftforge.fml.loading.moddiscovery.ModFileParser/LOADING]: Mod file C:\Users\Henry\.gradle\caches\modules-2\files-2.1\net.minecraftforge\mclanguage\1.20.1-47.3.0\6093682e943ddccbabf70539319d7f2fe64db2e7\mclanguage-1.20.1-47.3.0.jar is missing mods.toml file
[11Apr2026 18:15:02.933] [main/WARN] [net.minecraftforge.fml.loading.moddiscovery.ModFileParser/LOADING]: Mod file C:\Users\Henry\.gradle\caches\modules-2\files-2.1\net.minecraftforge\fmlcore\1.20.1-47.3.0\3b6be96aba3e323f3c918e8ef6a96312d82d76ad\fmlcore-1.20.1-47.3.0.jar is missing mods.toml file
[11Apr2026 18:15:03.036] [main/INFO] [net.minecraftforge.fml.loading.moddiscovery.JarInJarDependencyLocator/]: No dependencies to load found. Skipping!
[11Apr2026 18:15:05.065] [main/WARN] [mixin/]: Compatibility level JAVA_17 specified by mixins.foundground.json is higher than the maximum level supported by this version of mixin (JAVA_13).
[11Apr2026 18:15:05.066] [main/INFO] [mixin/]: Compatibility level set to JAVA_17
[11Apr2026 18:15:05.066] [main/ERROR] [mixin/]: Mixin config mixins.foundground.json does not specify "minVersion" property
[11Apr2026 18:15:05.078] [main/INFO] [cpw.mods.modlauncher.LaunchServiceHandler/MODLAUNCHER]: Launching target 'forgedatauserdev' with arguments [--gameDir, ., --assetsDir, C:\Users\Henry\.gradle\caches\forge_gradle\assets, --assetIndex, 5, --mod, foundground, --all, --output, C:\Users\Henry\Downloads\NewfoundUG\src\generated\resources, --existing, C:\Users\Henry\Downloads\NewfoundUG\src\main\resources]
[11Apr2026 18:15:05.195] [main/INFO] [mixin/]: Attempting to load Fernflower decompiler (Threaded mode)
[11Apr2026 18:15:05.197] [main/INFO] [mixin/]: Fernflower could not be loaded, exported classes will not be decompiled. NoClassDefFoundError: org/jetbrains/java/decompiler/main/extern/IResultSaver
[11Apr2026 18:15:05.210] [main/INFO] [mixin/]: Preparing mixins for MixinEnvironment[DEFAULT]
[11Apr2026 18:15:05.210] [main/INFO] [mixin/]: Selecting config mixins.foundground.json
[11Apr2026 18:15:05.216] [main/INFO] [mixin/]: Selecting config terrablender.mixins.json
[11Apr2026 18:15:05.508] [main/INFO] [mixin/]: Remapping refMap terrablender.refmap.json using C:\Users\Henry\Downloads\NewfoundUG\build\createSrgToMcp\output.srg
[11Apr2026 18:15:05.509] [main/INFO] [mixin/]: Selecting config terrablender_forge.mixins.json
[11Apr2026 18:15:05.511] [main/INFO] [mixin/]: Remapping refMap terrablender.refmap.json using C:\Users\Henry\Downloads\NewfoundUG\build\createSrgToMcp\output.srg
[11Apr2026 18:15:05.511] [main/INFO] [mixin/]: Preparing mixins.foundground.json (0)
[11Apr2026 18:15:05.512] [main/INFO] [mixin/]: Preparing terrablender.mixins.json (7)
[11Apr2026 18:15:05.622] [main/INFO] [mixin/]: Preparing terrablender_forge.mixins.json (0)
[11Apr2026 18:15:05.700] [main/INFO] [mixin/]: Prepared 7 mixins in 0.489 sec (69.9ms avg) (0ms load, 0ms transform, 0ms plugin)
